 
****************************************
  Report : Chip Summary
  Design : mips_cpu_top
  Version: D-2010.03-ICC-SP4
  Date   : Mon Mar 26 00:36:36 2018
****************************************
Std cell utilization: 78.45%  (96646/(123201-0))
(Non-fixed + Fixed)
Std cell utilization: 78.42%  (96496/(123201-157))
(Non-fixed only)
Chip area:            123201   sites, bbox (5.00 5.00 341.96 341.96) um
Std cell area:        96646    sites, (non-fixed:96496  fixed:150)
                      5851     cells, (non-fixed:5826   fixed:25)
Macro cell area:      0        sites
                      0        cells
Placement blockages:  0        sites, (excluding fixed std cells)
                      157      sites, (include fixed std cells & chimney area)
                      0        sites, (complete p/g net blockages)
Routing blockages:    0        sites, (partial p/g net blockages)
                      0        sites, (routing blockages and signal pre-route)
Lib cell count:       39 
Avg. std cell width:  4.10 um 
Site array:           unit     (width: 0.32 um, height: 2.88 um, rows: 117)
Physical DB scale:    1000 db_unit = 1 um 

 
****************************************
  Report : pnet options
  Design : mips_cpu_top
  Version: D-2010.03-ICC-SP4
  Date   : Mon Mar 26 00:36:36 2018
****************************************


--------------------------------------------------------------------
Layer      Blockage   Min_width   Min_height   Via_additive     Density
--------------------------------------------------------------------
M1         none          ---         ---       via additive      ---
M2         none          ---         ---       via additive      ---
M3         none          ---         ---       via additive      ---
M4         none          ---         ---       via additive      ---
M5         none          ---         ---       via additive      ---
M6         none          ---         ---       via additive      ---
M7         none          ---         ---       via additive      ---
M8         none          ---         ---       via additive      ---
M9         none          ---         ---       via additive      ---

**********************************
      Sub-Region Utilization      
**********************************
Number of regions with placement utilization 0 - 0.125 is 0 (0.00%)
Number of regions with placement utilization 0.125 - 0.25 is 0 (0.00%)
Number of regions with placement utilization 0.25 - 0.375 is 0 (0.00%)
Number of regions with placement utilization 0.375 - 0.5 is 0 (0.00%)
Number of regions with placement utilization 0.5 - 0.625 is 4 (0.69%)
Number of regions with placement utilization 0.625 - 0.75 is 134 (23.26%)
Number of regions with placement utilization 0.75 - 0.875 is 393 (68.23%)
Number of regions with placement utilization 0.875 - 1 is 45 (7.81%)
1