Information: Updating graph... (UID-83)
Warning: Design 'mips_cpu_top' contains 1 high-fanout nets. A fanout number of 1000 will be used for delay calculations involving these nets. (TIM-134)
 
****************************************
Report : area
Design : mips_cpu_top
Version: D-2010.03-SP4
Date   : Mon Mar 26 00:07:08 2018
****************************************

Information: Updating design information... (UID-85)
Warning: Design 'mips_cpu_top' contains 1 high-fanout nets. A fanout number of 1000 will be used for delay calculations involving these nets. (TIM-134)
Library(s) Used:

    saed90nm_min (File: /home/ltk/ASIC_LIB/Lib/syn_lib/syn_lib/saed90nm_min.db)

Number of ports:              164
Number of nets:               182
Number of cells:                3
Number of references:           3

Combinational area:       39807.590397
Noncombinational area:    34062.336548
Net Interconnect area:    11224.988964 

Total cell area:          73869.926945
Total area:               85094.915909
1